
🚀 INICIANDO CLIENTE MCP


▶ Enviando: initialize
Weather MCP Server running on stdio

✅ Inicialização (119ms)
────────────────────────────────────────────────────────────
{
  "protocolVersion": "2024-11-05",
  "capabilities": {
    "tools": {}
  },
  "serverInfo": {
    "name": "weather",
    "version": "1.0.0",
    "capabilities": {
      "resources": {},
      "tools": {}
    }
  }
}
────────────────────────────────────────────────────────────

📦 LISTANDO FERRAMENTAS


▶ Enviando: tools/list

📋 Ferramentas Disponíveis
────────────────────────────────────────────────────────────

1. get-alerts
   Descrição: Get weather alerts for a state
   Parâmetros:
     - state: string (Two-letter state code (e.g. CA, NY))

2. get-forecast
   Descrição: Get weather forecast for a location
   Parâmetros:
     - latitude: number (Latitude of the location)
     - longitude: number (Longitude of the location)

────────────────────────────────────────────────────────────

⚠️  CONSULTANDO ALERTAS PARA MN


▶ Enviando: tools/call

✅ Resultado: get-alerts (1185ms)
────────────────────────────────────────────────────────────
{
  "content": [
    {
      "type": "text",
      "text": "Active alerts for MN:\n\nEvent: Special Weather Statement\nArea: Carlton/South St. Louis\nSeverity: Moderate\nStatus: Actual\nHeadline: Special Weather Statement issued March 21 at 9:14AM CDT by NWS Duluth MN\n---\nEvent: Special Weather Statement\nArea: Kittson; West Marshall; Towner; Cavalier; Pembina; Eastern Walsh County; Western Walsh County\nSeverity: Moderate\nStatus: Actual\nHeadline: Special Weather Statement issued March 21 at 7:41AM CDT by NWS Grand Forks ND\n---\nEvent: Special Weather Statement\nArea: Northern Cook/Northern Lake; Southern Lake/North Shore; Southern Cook/North Shore\nSeverity: Moderate\nStatus: Actual\nHeadline: Special Weather Statement issued March 21 at 4:45AM CDT by NWS Duluth MN\n---\nEvent: Special Weather Statement\nArea: West Polk; Norman; Kittson; Roseau; Lake Of The Woods; West Marshall; East Marshall; North Beltrami; Pennington; Red Lake; East Polk; North Clearwater; South Beltrami; Mahnomen; South Clearwater\nSeverity: Moderate\nStatus: Actual\nHeadline: Special Weather Statement issued March 20 at 6:17AM CDT by NWS Grand Forks ND\n---\nEvent: Dense Fog Advisory\nArea: Douglas; Stevens; Pope; Lac Qui Parle; Swift; Chippewa; Kandiyohi; Meeker; Yellow Medicine; Renville; McLeod; Sibley; Carver; Scott; Redwood; Brown; Nicollet; Le Sueur; Rice; Watonwan; Blue Earth; Waseca; Steele; Martin; Faribault; Freeborn\nSeverity: Moderate\nStatus: Actual\nHeadline: Dense Fog Advisory issued March 19 at 10:47AM CDT until March 19 at 11:00AM CDT by NWS Twin Cities/Chanhassen MN\n---\nEvent: Special Weather Statement\nArea: Dodge; Olmsted; Mower; Fillmore\nSeverity: Moderate\nStatus: Actual\nHeadline: Special Weather Statement issued March 19 at 7:31AM CDT by NWS La Crosse WI\n---\nEvent: Special Weather Statement\nArea: Clay; West Becker; Wilkin; West Otter Tail; Grant; Barnes; Cass; Ransom; Sargent; Richland\nSeverity: Moderate\nStatus: Actual\nHeadline: Special Weather Statement issued March 19 at 6:46AM CDT by NWS Grand Forks ND\n---\nEvent: Special Weather Statement\nArea: Traverse; Big Stone; McPherson; Brown; Marshall; Roberts; Edmunds; Day; Faulk; Spink; Clark; Codington; Grant; Hamlin; Deuel\nSeverity: Moderate\nStatus: Actual\nHeadline: Special Weather Statement issued March 19 at 5:16AM CDT by NWS Aberdeen SD\n---\nEvent: Special Weather Statement\nArea: Lyon; Osceola; Dickinson; Sioux; O'Brien; Clay; Plymouth; Cherokee; Buena Vista; Ida; Lincoln; Lyon; Murray; Cottonwood; Nobles; Jackson; Pipestone; Rock; Kingsbury; Brookings; Lake; Moody; Minnehaha; Lincoln\nSeverity: Moderate\nStatus: Actual\nHeadline: Special Weather Statement issued March 19 at 4:51AM CDT by NWS Sioux Falls SD\n---\nEvent: Special Weather Statement\nArea: Clay; West Becker; Wilkin; West Otter Tail; East Otter Tail; Grant; Richland\nSeverity: Moderate\nStatus: Actual\nHeadline: Special Weather Statement issued March 19 at 4:07AM CDT by NWS Grand Forks ND\n---\nEvent: Dense Fog Advisory\nArea: Douglas; Stevens; Pope; Swift; Chippewa; Kandiyohi; Meeker; Renville; McLeod; Sibley\nSeverity: Moderate\nStatus: Actual\nHeadline: Dense Fog Advisory issued March 19 at 1:44AM CDT until March 19 at 11:00AM CDT by NWS Twin Cities/Chanhassen MN\n---\nEvent: Dense Fog Advisory\nArea: Lac Qui Parle; Yellow Medicine; Carver; Scott; Redwood; Brown; Nicollet; Le Sueur; Rice; Watonwan; Blue Earth; Waseca; Steele; Martin; Faribault; Freeborn\nSeverity: Moderate\nStatus: Actual\nHeadline: Dense Fog Advisory issued March 19 at 1:44AM CDT until March 19 at 11:00AM CDT by NWS Twin Cities/Chanhassen MN\n---\nEvent: Special Weather Statement\nArea: Koochiching; North St. Louis; Northern Cook/Northern Lake; North Itasca; Central St. Louis; Southern Lake/North Shore; Southern Cook/North Shore; North Cass; South Itasca; South Cass; Crow Wing; Northern Aitkin; South Aitkin; Carlton/South St. Louis; Pine; Douglas; Bayfield; Burnett; Washburn; Sawyer\nSeverity: Moderate\nStatus: Actual\nHeadline: Special Weather Statement issued March 18 at 4:44AM CDT by NWS Duluth MN\n---\nEvent: Special Weather Statement\nArea: North Itasca; North Cass; South Itasca; South Cass; Crow Wing; Northern Aitkin; South Aitkin\nSeverity: Moderate\nStatus: Actual\nHeadline: Special Weather Statement issued March 18 at 1:31AM CDT by NWS Duluth MN\n---\nEvent: Winter Weather Advisory\nArea: West Polk; Norman; Kittson; West Marshall; Cavalier; Pembina; Eastern Walsh County; Nelson; Grand Forks; Steele; Traill; Western Walsh County\nSeverity: Moderate\nStatus: Actual\nHeadline: Winter Weather Advisory issued March 17 at 6:52PM CDT until March 17 at 7:00PM CDT by NWS Grand Forks ND\n---\nEvent: Winter Weather Advisory\nArea: West Polk; Norman; Kittson; West Marshall; Cavalier; Pembina; Eastern Walsh County; Nelson; Grand Forks; Steele; Traill; Western Walsh County\nSeverity: Moderate\nStatus: Actual\nHeadline: Winter Weather Advisory issued March 17 at 1:56PM CDT until March 17 at 7:00PM CDT by NWS Grand Forks ND\n---\nEvent: Winter Weather Advisory\nArea: West Polk; Norman; Kittson; West Marshall; Towner; Cavalier; Pembina; Benson; Ramsey; Eastern Walsh County; Eddy; Nelson; Grand Forks; Griggs; Steele; Traill; Western Walsh County\nSeverity: Moderate\nStatus: Actual\nHeadline: Winter Weather Advisory issued March 17 at 10:28AM CDT until March 17 at 7:00PM CDT by NWS Grand Forks ND\n---\nEvent: Winter Weather Advisory\nArea: West Polk; Norman; Kittson; West Marshall; Towner; Cavalier; Pembina; Benson; Ramsey; Eastern Walsh County; Eddy; Nelson; Grand Forks; Griggs; Steele; Traill; Western Walsh County\nSeverity: Moderate\nStatus: Actual\nHeadline: Winter Weather Advisory issued March 17 at 2:12AM CDT until March 17 at 7:00PM CDT by NWS Grand Forks ND\n---\nEvent: High Wind Warning\nArea: Southern Cook/North Shore\nSeverity: Severe\nStatus: Actual\nHeadline: High Wind Warning issued March 16 at 1:46PM CDT until March 16 at 2:00PM CDT by NWS Duluth MN\n---\nEvent: Wind Advisory\nArea: Southern Lake/North Shore\nSeverity: Moderate\nStatus: Actual\nHeadline: Wind Advisory issued March 16 at 1:46PM CDT until March 16 at 2:00PM CDT by NWS Duluth MN\n---\nEvent: Winter Weather Advisory\nArea: Mitchell; Howard; Winneshiek; Allamakee; Floyd; Chickasaw; Fayette; Clayton; Wabasha; Dodge; Olmsted; Winona; Mower; Fillmore; Houston; Taylor; Clark; Buffalo; Trempealeau; Jackson; La Crosse; Monroe; Vernon\nSeverity: Moderate\nStatus: Actual\nHeadline: Winter Weather Advisory issued March 16 at 11:35AM CDT until March 16 at 12:00PM CDT by NWS La Crosse WI\n---\nEvent: Winter Weather Advisory\nArea: Mitchell; Howard; Winneshiek; Allamakee; Floyd; Chickasaw; Fayette; Clayton; Wabasha; Dodge; Olmsted; Winona; Mower; Fillmore; Houston; Taylor; Clark; Buffalo; Trempealeau; Jackson; La Crosse; Monroe; Vernon\nSeverity: Moderate\nStatus: Actual\nHeadline: Winter Weather Advisory issued March 16 at 11:06AM CDT until March 16 at 12:00PM CDT by NWS La Crosse WI\n---\nEvent: Cold Weather Advisory\nArea: Lyon; Osceola; Dickinson; Sioux; O'Brien; Clay; Plymouth; Cherokee; Buena Vista; Woodbury; Ida; Lincoln; Lyon; Murray; Cottonwood; Nobles; Jackson; Pipestone; Rock; Dixon; Dakota\nSeverity: Minor\nStatus: Actual\nHeadline: The Cold Weather Advisory has been cancelled.\n---\nEvent: Winter Weather Advisory\nArea: Mitchell; Howard; Winneshiek; Allamakee; Floyd; Chickasaw; Fayette; Clayton; Wabasha; Dodge; Olmsted; Winona; Mower; Fillmore; Houston; Taylor; Clark; Buffalo; Trempealeau; Jackson; La Crosse; Monroe; Vernon\nSeverity: Moderate\nStatus: Actual\nHeadline: Winter Weather Advisory issued March 16 at 9:38AM CDT until March 16 at 12:00PM CDT by NWS La Crosse WI\n---\nEvent: Cold Weather Advisory\nArea: Lyon; Osceola; Dickinson; Sioux; O'Brien; Clay; Plymouth; Cherokee; Buena Vista; Woodbury; Ida; Lincoln; Lyon; Murray; Cottonwood; Nobles; Jackson; Pipestone; Rock; Dixon; Dakota\nSeverity: Moderate\nStatus: Actual\nHeadline: Cold Weather Advisory issued March 16 at 9:28AM CDT until March 16 at 11:00AM CDT by NWS Sioux Falls SD\n---\nEvent: Winter Weather Advisory\nArea: Mitchell; Howard; Winneshiek; Allamakee; Floyd; Chickasaw; Fayette; Clayton; Wabasha; Dodge; Olmsted; Winona; Mower; Fillmore; Houston; Taylor; Clark; Buffalo; Trempealeau; Jackson\nSeverity: Moderate\nStatus: Actual\nHeadline: Winter Weather Advisory issued March 16 at 8:02AM CDT until March 16 at 10:00AM CDT by NWS La Crosse WI\n---\nEvent: Blizzard Warning\nArea: Mitchell; Howard; Winneshiek; Allamakee; Floyd; Chickasaw; Fayette; Clayton; Dodge; Olmsted; Winona; Mower; Fillmore; Houston\nSeverity: Extreme\nStatus: Actual\nHeadline: Blizzard Warning issued March 16 at 7:04AM CDT until March 16 at 7:00AM CDT by NWS La Crosse WI\n---\nEvent: Winter Weather Advisory\nArea: Wabasha; Taylor; Clark; Buffalo; Trempealeau; Jackson\nSeverity: Moderate\nStatus: Actual\nHeadline: Winter Weather Advisory issued March 16 at 7:04AM CDT until March 16 at 10:00AM CDT by NWS La Crosse WI\n---\nEvent: Winter Weather Advisory\nArea: Mitchell; Howard; Winneshiek; Allamakee; Floyd; Chickasaw; Fayette; Clayton; Dodge; Olmsted; Winona; Mower; Fillmore; Houston\nSeverity: Moderate\nStatus: Actual\nHeadline: Winter Weather Advisory issued March 16 at 7:04AM CDT until March 16 at 10:00AM CDT by NWS La Crosse WI\n---\nEvent: Winter Weather Advisory\nArea: Watonwan\nSeverity: Moderate\nStatus: Actual\nHeadline: Winter Weather Advisory issued March 16 at 6:38AM CDT until March 16 at 10:00AM CDT by NWS Twin Cities/Chanhassen MN\n---\nEvent: Winter Weather Advisory\nArea: Martin; Faribault; Freeborn\nSeverity: Moderate\nStatus: Actual\nHeadline: Winter Weather Advisory issued March 16 at 6:38AM CDT until March 16 at 10:00AM CDT by NWS Twin Cities/Chanhassen MN\n---\nEvent: Blizzard Warning\nArea: Martin; Faribault; Freeborn\nSeverity: Extreme\nStatus: Actual\nHeadline: Blizzard Warning issued March 16 at 6:38AM CDT until March 16 at 7:00AM CDT by NWS Twin Cities/Chanhassen MN\n---\nEvent: Winter Weather Advisory\nArea: Redwood; Brown; Nicollet; Le Sueur; Rice; Goodhue; Blue Earth; Waseca; Steele; Pepin; Chippewa; Eau Claire\nSeverity: Moderate\nStatus: Actual\nHeadline: Winter Weather Advisory issued March 16 at 6:38AM CDT until March 16 at 7:00AM CDT by NWS Twin Cities/Chanhassen MN\n---\nEvent: Blizzard Warning\nArea: Osceola; Dickinson; O'Brien; Clay; Cherokee; Buena Vista; Ida; Lincoln; Lyon; Murray; Cottonwood; Nobles; Jackson; Pipestone\nSeverity: Minor\nStatus: Actual\nHeadline: The Blizzard Warning has been cancelled.\n---\nEvent: Winter Weather Advisory\nArea: Goodhue; Pepin; Chippewa; Eau Claire\nSeverity: Moderate\nStatus: Actual\nHeadline: Winter Weather Advisory issued March 16 at 3:52AM CDT until March 16 at 7:00AM CDT by NWS Twin Cities/Chanhassen MN\n---\nEvent: Winter Weather Advisory\nArea: Stevens; Swift; Chippewa; Kandiyohi; Meeker; Renville; McLeod; Sibley; Carver; Scott; Dakota; Barron; Rusk; St. Croix; Pierce; Dunn\nSeverity: Moderate\nStatus: Actual\nHeadline: Winter Weather Advisory issued March 16 at 3:52AM CDT until March 16 at 4:00AM CDT by NWS Twin Cities/Chanhassen MN\n---\nEvent: Blizzard Warning\nArea: Martin; Faribault; Freeborn\nSeverity: Extreme\nStatus: Actual\nHeadline: Blizzard Warning issued March 16 at 3:52AM CDT until March 16 at 7:00AM CDT by NWS Twin Cities/Chanhassen MN\n---\nEvent: Blizzard Warning\nArea: Redwood; Brown; Nicollet; Le Sueur; Rice; Watonwan; Blue Earth; Waseca; Steele\nSeverity: Extreme\nStatus: Actual\nHeadline: Blizzard Warning issued March 16 at 3:52AM CDT until March 16 at 4:00AM CDT by NWS Twin Cities/Chanhassen MN\n---\nEvent: Blizzard Warning\nArea: Lac Qui Parle; Yellow Medicine\nSeverity: Extreme\nStatus: Actual\nHeadline: Blizzard Warning issued March 16 at 3:52AM CDT until March 16 at 4:00AM CDT by NWS Twin Cities/Chanhassen MN\n---\nEvent: Winter Weather Advisory\nArea: Redwood; Brown; Nicollet; Le Sueur; Rice; Watonwan; Blue Earth; Waseca; Steele\nSeverity: Moderate\nStatus: Actual\nHeadline: Winter Weather Advisory issued March 16 at 3:52AM CDT until March 16 at 7:00AM CDT by NWS Twin Cities/Chanhassen MN\n---\nEvent: Blizzard Warning\nArea: Dodge; Olmsted; Winona; Mower; Fillmore; Houston\nSeverity: Extreme\nStatus: Actual\nHeadline: Blizzard Warning issued March 16 at 3:43AM CDT until March 16 at 7:00AM CDT by NWS La Crosse WI\n---\nEvent: Blizzard Warning\nArea: Wabasha; Taylor; Clark; Buffalo; Trempealeau; Jackson\nSeverity: Minor\nStatus: Actual\nHeadline: The Blizzard Warning has been cancelled.\n---\nEvent: Winter Weather Advisory\nArea: Dodge; Olmsted; Winona; Mower; Fillmore; Houston\nSeverity: Moderate\nStatus: Actual\nHeadline: Winter Weather Advisory issued March 16 at 3:43AM CDT until March 16 at 10:00AM CDT by NWS La Crosse WI\n---\nEvent: Winter Weather Advisory\nArea: Wabasha; Taylor; Clark; Buffalo; Trempealeau; Jackson\nSeverity: Moderate\nStatus: Actual\nHeadline: Winter Weather Advisory issued March 16 at 3:43AM CDT until March 16 at 10:00AM CDT by NWS La Crosse WI\n---\nEvent: Blizzard Warning\nArea: Wabasha; Dodge; Olmsted; Winona; Mower; Fillmore; Houston; Taylor; Clark; Buffalo; Trempealeau; Jackson\nSeverity: Extreme\nStatus: Actual\nHeadline: Blizzard Warning issued March 16 at 2:52AM CDT until March 16 at 7:00AM CDT by NWS La Crosse WI\n---\nEvent: High Wind Warning\nArea: Southern Cook/North Shore\nSeverity: Severe\nStatus: Actual\nHeadline: High Wind Warning issued March 16 at 2:45AM CDT until March 16 at 2:00PM CDT by NWS Duluth MN\n---\nEvent: Wind Advisory\nArea: Southern Lake/North Shore\nSeverity: Moderate\nStatus: Actual\nHeadline: Wind Advisory issued March 16 at 2:45AM CDT until March 16 at 2:00PM CDT by NWS Duluth MN\n---\nEvent: Winter Storm Warning\nArea: Pine; Douglas; Burnett; Washburn\nSeverity: Severe\nStatus: Actual\nHeadline: Winter Storm Warning issued March 16 at 1:13AM CDT until March 16 at 1:00AM CDT by NWS Duluth MN\n---\nEvent: Winter Weather Advisory\nArea: Carlton/South St. Louis\nSeverity: Moderate\nStatus: Actual\nHeadline: Winter Weather Advisory issued March 16 at 1:13AM CDT until March 16 at 1:00AM CDT by NWS Duluth MN\n---\nEvent: Blizzard Warning\nArea: Lincoln; Lyon; Murray; Cottonwood; Nobles; Jackson; Pipestone\nSeverity: Extreme\nStatus: Actual\nHeadline: Blizzard Warning issued March 16 at 12:52AM CDT until March 16 at 7:00AM CDT by NWS Sioux Falls SD\n---\nEvent: Blizzard Warning\nArea: Lyon; Sioux; Plymouth; Woodbury; Rock; Dakota; Union\nSeverity: Extreme\nStatus: Actual\nHeadline: Blizzard Warning issued March 16 at 12:52AM CDT until March 16 at 1:00AM CDT by NWS Sioux Falls SD\n---\nEvent: Cold Weather Advisory\nArea: Lincoln; Lyon; Murray; Cottonwood; Nobles; Jackson; Pipestone; Rock; Kingsbury; Brookings; Miner; Lake; Moody; McCook; Minnehaha; Turner\nSeverity: Moderate\nStatus: Actual\nHeadline: Cold Weather Advisory issued March 16 at 12:46AM CDT until March 16 at 11:00AM CDT by NWS Sioux Falls SD\n---\nEvent: Winter Weather Advisory\nArea: Traverse; Big Stone; Marshall; Roberts; Day; Codington; Grant; Hamlin; Deuel\nSeverity: Moderate\nStatus: Actual\nHeadline: Winter Weather Advisory issued March 16 at 12:46AM CDT until March 16 at 1:00AM CDT by NWS Aberdeen SD\n---\nEvent: Winter Weather Advisory\nArea: Sibley; Carver; Barron\nSeverity: Moderate\nStatus: Actual\nHeadline: Winter Weather Advisory issued March 16 at 12:34AM CDT until March 16 at 4:00AM CDT by NWS Twin Cities/Chanhassen MN\n---\nEvent: Winter Weather Advisory\nArea: Scott; Dakota; Goodhue; St. Croix; Pierce; Dunn; Pepin; Chippewa; Eau Claire\nSeverity: Moderate\nStatus: Actual\nHeadline: Winter Weather Advisory issued March 16 at 12:34AM CDT until March 16 at 4:00AM CDT by NWS Twin Cities/Chanhassen MN\n---\nEvent: Winter Storm Warning\nArea: Chisago; Hennepin; Anoka; Ramsey; Washington; Polk\nSeverity: Severe\nStatus: Actual\nHeadline: Winter Storm Warning issued March 16 at 12:34AM CDT until March 16 at 1:00AM CDT by NWS Twin Cities/Chanhassen MN\n---\nEvent: Blizzard Warning\nArea: Scott; Dakota; Goodhue; St. Croix; Pierce; Dunn; Pepin; Chippewa; Eau Claire\nSeverity: Minor\nStatus: Actual\nHeadline: The Blizzard Warning has been cancelled.\n---\nEvent: Winter Weather Advisory\nArea: Stevens; Swift; Chippewa; Kandiyohi; Meeker; Renville; McLeod\nSeverity: Moderate\nStatus: Actual\nHeadline: Winter Weather Advisory issued March 16 at 12:34AM CDT until March 16 at 4:00AM CDT by NWS Twin Cities/Chanhassen MN\n---\nEvent: Winter Storm Warning\nArea: Sibley; Carver; Barron\nSeverity: Severe\nStatus: Actual\nHeadline: Winter Storm Warning issued March 16 at 12:34AM CDT until March 16 at 1:00AM CDT by NWS Twin Cities/Chanhassen MN\n---\nEvent: Winter Weather Advisory\nArea: Douglas; Todd; Morrison; Mille Lacs; Kanabec; Pope; Stearns; Benton; Sherburne; Isanti; Wright\nSeverity: Moderate\nStatus: Actual\nHeadline: Winter Weather Advisory issued March 16 at 12:34AM CDT until March 16 at 1:00AM CDT by NWS Twin Cities/Chanhassen MN\n---\nEvent: Blizzard Warning\nArea: Martin; Faribault; Freeborn\nSeverity: Extreme\nStatus: Actual\nHeadline: Blizzard Warning issued March 16 at 12:34AM CDT until March 16 at 7:00AM CDT by NWS Twin Cities/Chanhassen MN\n---\nEvent: Blizzard Warning\nArea: Lac Qui Parle; Yellow Medicine; Redwood; Brown; Nicollet; Watonwan; Blue Earth; Waseca\nSeverity: Extreme\nStatus: Actual\nHeadline: Blizzard Warning issued March 16 at 12:34AM CDT until March 16 at 4:00AM CDT by NWS Twin Cities/Chanhassen MN\n---\nEvent: Blizzard Warning\nArea: Le Sueur; Rice; Steele\nSeverity: Extreme\nStatus: Actual\nHeadline: Blizzard Warning issued March 16 at 12:34AM CDT until March 16 at 4:00AM CDT by NWS Twin Cities/Chanhassen MN\n---\nEvent: Winter Weather Advisory\nArea: Wilkin; West Otter Tail; Grant; Richland\nSeverity: Moderate\nStatus: Actual\nHeadline: Winter Weather Advisory issued March 15 at 9:47PM CDT until March 15 at 10:00PM CDT by NWS Grand Forks ND\n---\nEvent: Cold Weather Advisory\nArea: Lincoln; Lyon; Murray; Cottonwood; Nobles; Jackson; Pipestone; Rock; Brookings; Moody\nSeverity: Moderate\nStatus: Actual\nHeadline: Cold Weather Advisory issued March 15 at 9:36PM CDT until March 16 at 11:00AM CDT by NWS Sioux Falls SD\n---\nEvent: Winter Storm Warning\nArea: Pine\nSeverity: Severe\nStatus: Actual\nHeadline: Winter Storm Warning issued March 15 at 9:20PM CDT until March 16 at 1:00AM CDT by NWS Duluth MN\n---\nEvent: Winter Storm Warning\nArea: Carlton/South St. Louis\nSeverity: Minor\nStatus: Actual\nHeadline: The Winter Storm Warning has been cancelled.\n---\nEvent: Winter Weather Advisory\nArea: Carlton/South St. Louis\nSeverity: Moderate\nStatus: Actual\nHeadline: Winter Weather Advisory issued March 15 at 9:20PM CDT until March 16 at 1:00AM CDT by NWS Duluth MN\n---\nEvent: Blizzard Warning\nArea: Lincoln; Lyon; Murray; Cottonwood; Nobles; Jackson; Pipestone\nSeverity: Extreme\nStatus: Actual\nHeadline: Blizzard Warning issued March 15 at 8:32PM CDT until March 16 at 7:00AM CDT by NWS Sioux Falls SD\n---\nEvent: Blizzard Warning\nArea: Lyon; Sioux; Rock\nSeverity: Extreme\nStatus: Actual\nHeadline: Blizzard Warning issued March 15 at 8:32PM CDT until March 16 at 1:00AM CDT by NWS Sioux Falls SD\n---\nEvent: Cold Weather Advisory\nArea: Martin\nSeverity: Moderate\nStatus: Actual\nHeadline: Cold Weather Advisory issued March 15 at 8:32PM CDT until March 16 at 10:00AM CDT by NWS Twin Cities/Chanhassen MN\n---\nEvent: Cold Weather Advisory\nArea: Lincoln; Lyon; Murray; Cottonwood; Nobles; Jackson; Pipestone; Rock; Brookings; Moody\nSeverity: Moderate\nStatus: Actual\nHeadline: Cold Weather Advisory issued March 15 at 6:56PM CDT until March 16 at 11:00AM CDT by NWS Sioux Falls SD\n---\nEvent: Blizzard Warning\nArea: Wabasha; Dodge; Olmsted; Winona; Mower; Fillmore; Houston; Taylor; Clark; Buffalo; Trempealeau; Jackson\nSeverity: Extreme\nStatus: Actual\nHeadline: Blizzard Warning issued March 15 at 6:55PM CDT until March 16 at 7:00AM CDT by NWS La Crosse WI\n---\nEvent: Winter Weather Advisory\nArea: Traverse; Big Stone; Marshall; Roberts; Day\nSeverity: Moderate\nStatus: Actual\nHeadline: Winter Weather Advisory issued March 15 at 6:48PM CDT until March 16 at 1:00AM CDT by NWS Aberdeen SD\n---\nEvent: Blizzard Warning\nArea: Lyon; Sioux; Rock; Minnehaha; Turner; Lincoln\nSeverity: Extreme\nStatus: Actual\nHeadline: Blizzard Warning issued March 15 at 6:48PM CDT until March 16 at 1:00AM CDT by NWS Sioux Falls SD\n---\nEvent: Blizzard Warning\nArea: Lincoln; Lyon; Murray; Cottonwood; Nobles; Jackson; Pipestone; Brookings; Moody\nSeverity: Extreme\nStatus: Actual\nHeadline: Blizzard Warning issued March 15 at 6:48PM CDT until March 16 at 7:00AM CDT by NWS Sioux Falls SD\n---\nEvent: Winter Weather Advisory\nArea: West Otter Tail; Grant\nSeverity: Moderate\nStatus: Actual\nHeadline: Winter Weather Advisory issued March 15 at 6:44PM CDT until March 15 at 10:00PM CDT by NWS Grand Forks ND\n---\nEvent: Winter Weather Advisory\nArea: Wilkin; Richland\nSeverity: Moderate\nStatus: Actual\nHeadline: Winter Weather Advisory issued March 15 at 6:44PM CDT until March 15 at 10:00PM CDT by NWS Grand Forks ND\n---\nEvent: Winter Weather Advisory\nArea: Traverse; Big Stone; Marshall; Roberts; Day\nSeverity: Moderate\nStatus: Actual\nHeadline: Winter Weather Advisory issued March 15 at 3:36PM CDT until March 16 at 1:00AM CDT by NWS Aberdeen SD\n---\nEvent: Winter Weather Advisory\nArea: Douglas; Todd; Morrison; Mille Lacs; Kanabec; Pope; Stearns; Benton; Sherburne; Isanti; Wright\nSeverity: Moderate\nStatus: Actual\nHeadline: Winter Weather Advisory issued March 15 at 3:07PM CDT until March 16 at 1:00AM CDT by NWS Twin Cities/Chanhassen MN\n---\nEvent: Winter Storm Warning\nArea: Sibley; Barron\nSeverity: Severe\nStatus: Actual\nHeadline: Winter Storm Warning issued March 15 at 3:07PM CDT until March 16 at 1:00AM CDT by NWS Twin Cities/Chanhassen MN\n---\nEvent: Winter Weather Advisory\nArea: Stevens; Swift\nSeverity: Moderate\nStatus: Actual\nHeadline: Winter Weather Advisory issued March 15 at 3:07PM CDT until March 16 at 1:00AM CDT by NWS Twin Cities/Chanhassen MN\n---\nEvent: Blizzard Warning\nArea: Sibley; Barron\nSeverity: Minor\nStatus: Actual\nHeadline: The Blizzard Warning has been cancelled.\n---\nEvent: Blizzard Warning\nArea: Chisago; Hennepin; Anoka; Ramsey; Washington; Carver; Polk\nSeverity: Minor\nStatus: Actual\nHeadline: The Blizzard Warning has been cancelled.\n---\nEvent: Winter Storm Warning\nArea: Chisago; Hennepin; Anoka; Ramsey; Washington; Carver; Polk\nSeverity: Severe\nStatus: Actual\nHeadline: Winter Storm Warning issued March 15 at 3:07PM CDT until March 16 at 1:00AM CDT by NWS Twin Cities/Chanhassen MN\n---\nEvent: Blizzard Warning\nArea: Stevens; Swift\nSeverity: Minor\nStatus: Actual\nHeadline: The Blizzard Warning has been cancelled.\n---\nEvent: Winter Weather Advisory\nArea: Chippewa; Kandiyohi; Meeker; Renville; McLeod\nSeverity: Moderate\nStatus: Actual\nHeadline: Winter Weather Advisory issued March 15 at 3:07PM CDT until March 16 at 1:00AM CDT by NWS Twin Cities/Chanhassen MN\n---\nEvent: Blizzard Warning\nArea: Chippewa; Kandiyohi; Meeker; Renville; McLeod\nSeverity: Minor\nStatus: Actual\nHeadline: The Blizzard Warning has been cancelled.\n---\nEvent: Blizzard Warning\nArea: Lac Qui Parle; Yellow Medicine; Redwood; Brown; Nicollet; Watonwan; Blue Earth; Waseca\nSeverity: Extreme\nStatus: Actual\nHeadline: Blizzard Warning issued March 15 at 3:07PM CDT until March 16 at 4:00AM CDT by NWS Twin Cities/Chanhassen MN\n---\nEvent: Blizzard Warning\nArea: Martin; Faribault; Freeborn\nSeverity: Extreme\nStatus: Actual\nHeadline: Blizzard Warning issued March 15 at 3:07PM CDT until March 16 at 7:00AM CDT by NWS Twin Cities/Chanhassen MN\n---\nEvent: Blizzard Warning\nArea: Scott; Dakota; Le Sueur; Rice; Goodhue; Steele; St. Croix; Pierce; Dunn; Pepin; Chippewa; Eau Claire\nSeverity: Extreme\nStatus: Actual\nHeadline: Blizzard Warning issued March 15 at 3:07PM CDT until March 16 at 4:00AM CDT by NWS Twin Cities/Chanhassen MN\n---\nEvent: High Wind Warning\nArea: Southern Cook/North Shore\nSeverity: Severe\nStatus: Actual\nHeadline: High Wind Warning issued March 15 at 2:56PM CDT until March 16 at 2:00PM CDT by NWS Duluth MN\n---\nEvent: Wind Advisory\nArea: Southern Lake/North Shore\nSeverity: Moderate\nStatus: Actual\nHeadline: Wind Advisory issued March 15 at 2:56PM CDT until March 16 at 2:00PM CDT by NWS Duluth MN\n---\nEvent: Wind Advisory\nArea: Southern Cook/North Shore\nSeverity: Moderate\nStatus: Actual\nHeadline: The Wind Advisory has been replaced. Please see the latest information from NWS Duluth MN on this developing situation.\n---\nEvent: Winter Weather Advisory\nArea: Southern Lake/North Shore\nSeverity: Minor\nStatus: Actual\nHeadline: The Winter Weather Advisory has been cancelled.\n---\nEvent: Winter Weather Advisory\nArea: North Cass; South Cass; Crow Wing; Northern Aitkin; South Aitkin\nSeverity: Minor\nStatus: Actual\nHeadline: The Winter Weather Advisory has been cancelled.\n---\nEvent: Winter Storm Warning\nArea: Carlton/South St. Louis\nSeverity: Severe\nStatus: Actual\nHeadline: Winter Storm Warning issued March 15 at 2:49PM CDT until March 15 at 10:00PM CDT by NWS Duluth MN\n---\nEvent: Blizzard Warning\nArea: Pine\nSeverity: Minor\nStatus: Actual\nHeadline: The Blizzard Warning has been cancelled.\n---\nEvent: Winter Storm Warning\nArea: Pine\nSeverity: Severe\nStatus: Actual\nHeadline: Winter Storm Warning issued March 15 at 2:49PM CDT until March 15 at 10:00PM CDT by NWS Duluth MN\n---\nEvent: Blizzard Warning\nArea: Lyon; Sioux; Rock; Minnehaha; Turner; Lincoln\nSeverity: Extreme\nStatus: Actual\nHeadline: Blizzard Warning issued March 15 at 2:31PM CDT until March 16 at 1:00AM CDT by NWS Sioux Falls SD\n---\nEvent: Blizzard Warning\nArea: Lincoln; Lyon; Murray; Cottonwood; Nobles; Jackson; Pipestone; Brookings; Moody\nSeverity: Extreme\nStatus: Actual\nHeadline: Blizzard Warning issued March 15 at 2:31PM CDT until March 16 at 7:00AM CDT by NWS Sioux Falls SD\n---\nEvent: Cold Weather Advisory\nArea: Lincoln; Lyon; Murray; Cottonwood; Nobles; Jackson; Pipestone; Rock; Brookings; Moody\nSeverity: Moderate\nStatus: Actual\nHeadline: Cold Weather Advisory issued March 15 at 2:31PM CDT until March 16 at 11:00AM CDT by NWS Sioux Falls SD\n---\nEvent: Winter Weather Advisory\nArea: Clay; Barnes; Cass; Ransom; Sargent\nSeverity: Minor\nStatus: Actual\nHeadline: The Winter Weather Advisory has been cancelled.\n---\nEvent: Winter Weather Advisory\nArea: Wilkin; Richland\nSeverity: Moderate\nStatus: Actual\nHeadline: Winter Weather Advisory issued March 15 at 1:44PM CDT until March 15 at 7:00PM CDT by NWS Grand Forks ND\n---\nEvent: Winter Weather Advisory\nArea: West Otter Tail; Grant\nSeverity: Moderate\nStatus: Actual\nHeadline: Winter Weather Advisory issued March 15 at 1:44PM CDT until March 15 at 7:00PM CDT by NWS Grand Forks ND\n---\nEvent: Blizzard Warning\nArea: Traverse; Big Stone; Marshall; Roberts; Day\nSeverity: Extreme\nStatus: Actual\nHeadline: Blizzard Warning issued March 15 at 12:54PM CDT until March 15 at 1:00PM CDT by NWS Aberdeen SD\n---\nEvent: Winter Weather Advisory\nArea: Traverse; Big Stone; Marshall; Roberts; Day\nSeverity: Moderate\nStatus: Actual\nHeadline: Winter Weather Advisory issued March 15 at 12:54PM CDT until March 16 at 1:00AM CDT by NWS Aberdeen SD\n---\nEvent: Blizzard Warning\nArea: Wabasha; Dodge; Olmsted; Winona; Mower; Fillmore; Houston; Taylor; Clark; Buffalo; Trempealeau; Jackson\nSeverity: Extreme\nStatus: Actual\nHeadline: Blizzard Warning issued March 15 at 12:39PM CDT until March 16 at 7:00AM CDT by NWS La Crosse WI\n---\nEvent: Winter Weather Advisory\nArea: Wilkin; Ransom; Sargent; Richland\nSeverity: Moderate\nStatus: Actual\nHeadline: Winter Weather Advisory issued March 15 at 12:24PM CDT until March 15 at 7:00PM CDT by NWS Grand Forks ND\n---\nEvent: Winter Weather Advisory\nArea: West Otter Tail; Grant\nSeverity: Moderate\nStatus: Actual\nHeadline: Winter Weather Advisory issued March 15 at 12:24PM CDT until March 15 at 7:00PM CDT by NWS Grand Forks ND\n---\nEvent: Winter Weather Advisory\nArea: Clay; Barnes; Cass\nSeverity: Moderate\nStatus: Actual\nHeadline: Winter Weather Advisory issued March 15 at 12:24PM CDT until March 15 at 7:00PM CDT by NWS Grand Forks ND\n---\nEvent: Winter Weather Advisory\nArea: Hubbard; West Becker; East Becker; East Otter Tail; Wadena\nSeverity: Minor\nStatus: Actual\nHeadline: The Winter Weather Advisory has been cancelled.\n---\nEvent: Blizzard Warning\nArea: Stevens; Swift\nSeverity: Extreme\nStatus: Actual\nHeadline: Blizzard Warning issued March 15 at 12:05PM CDT until March 16 at 4:00AM CDT by NWS Twin Cities/Chanhassen MN\n---\nEvent: Blizzard Warning\nArea: Douglas; Todd; Morrison; Mille Lacs; Kanabec; Pope; Stearns; Benton; Sherburne; Isanti; Wright\nSeverity: Minor\nStatus: Actual\nHeadline: The Blizzard Warning has been cancelled.\n---\nEvent: Blizzard Warning\nArea: Martin; Faribault; Freeborn\nSeverity: Extreme\nStatus: Actual\nHeadline: Blizzard Warning issued March 15 at 12:05PM CDT until March 16 at 7:00AM CDT by NWS Twin Cities/Chanhassen MN\n---\nEvent: Blizzard Warning\nArea: Lac Qui Parle; Chippewa; Kandiyohi; Meeker; Yellow Medicine; Renville; McLeod; Sibley; Redwood; Brown; Nicollet; Watonwan; Blue Earth; Waseca\nSeverity: Extreme\nStatus: Actual\nHeadline: Blizzard Warning issued March 15 at 12:05PM CDT until March 16 at 7:00AM CDT by NWS Twin Cities/Chanhassen MN\n---\nEvent: Blizzard Warning\nArea: Scott; Dakota; Le Sueur; Rice; Goodhue; Steele; Barron; Rusk; St. Croix; Pierce; Dunn; Pepin; Chippewa; Eau Claire\nSeverity: Extreme\nStatus: Actual\nHeadline: Blizzard Warning issued March 15 at 12:05PM CDT until March 16 at 7:00AM CDT by NWS Twin Cities/Chanhassen MN\n---\nEvent: Blizzard Warning\nArea: Chisago; Hennepin; Anoka; Ramsey; Washington; Carver; Polk\nSeverity: Extreme\nStatus: Actual\nHeadline: Blizzard Warning issued March 15 at 12:05PM CDT until March 16 at 4:00AM CDT by NWS Twin Cities/Chanhassen MN\n---\nEvent: Winter Weather Advisory\nArea: Douglas; Todd; Morrison; Mille Lacs; Kanabec; Pope; Stearns; Benton; Sherburne; Isanti; Wright\nSeverity: Moderate\nStatus: Actual\nHeadline: Winter Weather Advisory issued March 15 at 12:05PM CDT until March 16 at 4:00AM CDT by NWS Twin Cities/Chanhassen MN\n---\nEvent: Blizzard Warning\nArea: Traverse; Big Stone; Marshall; Roberts; Day\nSeverity: Extreme\nStatus: Actual\nHeadline: Blizzard Warning issued March 15 at 10:44AM CDT until March 15 at 1:00PM CDT by NWS Aberdeen SD\n---\nEvent: Winter Weather Advisory\nArea: Traverse; Big Stone; Marshall; Roberts; Day\nSeverity: Moderate\nStatus: Actual\nHeadline: Winter Weather Advisory issued March 15 at 10:44AM CDT until March 16 at 1:00AM CDT by NWS Aberdeen SD\n---\nEvent: Blizzard Warning\nArea: Wabasha; Dodge; Olmsted; Winona; Mower; Fillmore; Houston; Taylor; Clark; Buffalo; Trempealeau; Jackson\nSeverity: Extreme\nStatus: Actual\nHeadline: Blizzard Warning issued March 15 at 10:25AM CDT until March 16 at 7:00AM CDT by NWS La Crosse WI\n---\nEvent: Winter Storm Warning\nArea: Wabasha; Dodge; Olmsted; Winona; Mower; Fillmore; Houston; Taylor; Clark; Buffalo; Trempealeau; Jackson\nSeverity: Severe\nStatus: Actual\nHeadline: Winter Storm Warning issued March 15 at 10:25AM CDT until March 15 at 10:00AM CDT by NWS La Crosse WI\n---\nEvent: Winter Weather Advisory\nArea: Southern Lake/North Shore\nSeverity: Moderate\nStatus: Actual\nHeadline: Winter Weather Advisory issued March 15 at 9:44AM CDT until March 15 at 7:00PM CDT by NWS Duluth MN\n---\nEvent: Winter Storm Warning\nArea: Carlton/South St. Louis\nSeverity: Severe\nStatus: Actual\nHeadline: Winter Storm Warning issued March 15 at 9:44AM CDT until March 15 at 10:00PM CDT by NWS Duluth MN\n---\nEvent: Winter Storm Warning\nArea: South Cass; Crow Wing; South Aitkin\nSeverity: Minor\nStatus: Actual\nHeadline: The Winter Storm Warning has been cancelled.\n---\nEvent: Blizzard Warning\nArea: Pine; Douglas; Burnett; Washburn\nSeverity: Extreme\nStatus: Actual\nHeadline: Blizzard Warning issued March 15 at 9:44AM CDT until March 16 at 4:00AM CDT by NWS Duluth MN\n---\nEvent: Winter Weather Advisory\nArea: North Cass; Northern Aitkin\nSeverity: Moderate\nStatus: Actual\nHeadline: Winter Weather Advisory issued March 15 at 9:44AM CDT until March 16 at 7:00PM CDT by NWS Duluth MN\n---\nEvent: Winter Weather Advisory\nArea: South Cass; Crow Wing; South Aitkin\nSeverity: Moderate\nStatus: Actual\nHeadline: Winter Weather Advisory issued March 15 at 9:44AM CDT until March 16 at 7:00PM CDT by NWS Duluth MN\n---\nEvent: Winter Storm Warning\nArea: West Otter Tail; East Otter Tail; Wadena; Grant\nSeverity: Minor\nStatus: Actual\nHeadline: The Winter Storm Warning has been cancelled.\n---\nEvent: Winter Weather Advisory\nArea: West Otter Tail; East Otter Tail; Wadena; Grant\nSeverity: Moderate\nStatus: Actual\nHeadline: Winter Weather Advisory issued March 15 at 9:20AM CDT until March 15 at 7:00PM CDT by NWS Grand Forks ND\n---\nEvent: Winter Weather Advisory\nArea: Wilkin; Ransom; Sargent; Richland\nSeverity: Moderate\nStatus: Actual\nHeadline: Winter Weather Advisory issued March 15 at 9:20AM CDT until March 15 at 7:00PM CDT by NWS Grand Forks ND\n---\nEvent: Winter Storm Warning\nArea: Wilkin; Ransom; Sargent; Richland\nSeverity: Minor\nStatus: Actual\nHeadline: The Winter Storm Warning has been cancelled.\n---\nEvent: Winter Weather Advisory\nArea: Hubbard; West Becker; East Becker\nSeverity: Moderate\nStatus: Actual\nHeadline: Winter Weather Advisory issued March 15 at 9:20AM CDT until March 15 at 7:00PM CDT by NWS Grand Forks ND\n---\nEvent: Winter Weather Advisory\nArea: Clay; Barnes; Cass\nSeverity: Moderate\nStatus: Actual\nHeadline: Winter Weather Advisory issued March 15 at 9:20AM CDT until March 15 at 7:00PM CDT by NWS Grand Forks ND\n---\nEvent: Blizzard Warning\nArea: Traverse; Big Stone; Marshall; Roberts; Day\nSeverity: Extreme\nStatus: Actual\nHeadline: Blizzard Warning issued March 15 at 6:49AM CDT until March 15 at 7:00PM CDT by NWS Aberdeen SD\n---\nEvent: Winter Storm Warning\nArea: Wilkin; Ransom; Sargent; Richland\nSeverity: Severe\nStatus: Actual\nHeadline: Winter Storm Warning issued March 15 at 6:27AM CDT until March 15 at 7:00PM CDT by NWS Grand Forks ND\n---\nEvent: Winter Storm Warning\nArea: West Otter Tail; East Otter Tail; Wadena; Grant\nSeverity: Severe\nStatus: Actual\nHeadline: Winter Storm Warning issued March 15 at 6:27AM CDT until March 15 at 7:00PM CDT by NWS Grand Forks ND\n---\nEvent: Winter Weather Advisory\nArea: Clay; Barnes; Cass\nSeverity: Moderate\nStatus: Actual\nHeadline: Winter Weather Advisory issued March 15 at 6:27AM CDT until March 15 at 7:00PM CDT by NWS Grand Forks ND\n---\nEvent: Winter Weather Advisory\nArea: Hubbard; West Becker; East Becker\nSeverity: Moderate\nStatus: Actual\nHeadline: Winter Weather Advisory issued March 15 at 6:27AM CDT until March 15 at 7:00PM CDT by NWS Grand Forks ND\n---\nEvent: Blizzard Warning\nArea: Lyon; Sioux; Rock; Minnehaha; Turner; Lincoln\nSeverity: Extreme\nStatus: Actual\nHeadline: Blizzard Warning issued March 15 at 6:15AM CDT until March 16 at 1:00AM CDT by NWS Sioux Falls SD\n---\nEvent: Blizzard Warning\nArea: Lincoln; Lyon; Murray; Cottonwood; Nobles; Jackson; Pipestone; Brookings; Moody\nSeverity: Extreme\nStatus: Actual\nHeadline: Blizzard Warning issued March 15 at 6:15AM CDT until March 16 at 7:00AM CDT by NWS Sioux Falls SD\n---\nEvent: Wind Advisory\nArea: Southern Lake/North Shore; Southern Cook/North Shore\nSeverity: Moderate\nStatus: Actual\nHeadline: Wind Advisory issued March 15 at 3:46AM CDT until March 16 at 1:00PM CDT by NWS Duluth MN\n---\nEvent: Blizzard Warning\nArea: Pine; Douglas; Burnett; Washburn\nSeverity: Extreme\nStatus: Actual\nHeadline: Blizzard Warning issued March 15 at 3:40AM CDT until March 16 at 4:00AM CDT by NWS Duluth MN\n---\nEvent: Winter Weather Advisory\nArea: Southern Lake/North Shore\nSeverity: Moderate\nStatus: Actual\nHeadline: Winter Weather Advisory issued March 15 at 3:40AM CDT until March 15 at 7:00PM CDT by NWS Duluth MN\n---\nEvent: Winter Weather Advisory\nArea: North Cass; Northern Aitkin\nSeverity: Moderate\nStatus: Actual\nHeadline: Winter Weather Advisory issued March 15 at 3:40AM CDT until March 15 at 7:00PM CDT by NWS Duluth MN\n---\nEvent: Winter Storm Warning\nArea: Carlton/South St. Louis\nSeverity: Severe\nStatus: Actual\nHeadline: Winter Storm Warning issued March 15 at 3:40AM CDT until March 15 at 10:00PM CDT by NWS Duluth MN\n---\nEvent: Winter Storm Warning\nArea: South Cass; Crow Wing; South Aitkin\nSeverity: Severe\nStatus: Actual\nHeadline: Winter Storm Warning issued March 15 at 3:40AM CDT until March 15 at 7:00PM CDT by NWS Duluth MN\n---\nEvent: Blizzard Warning\nArea: Sherburne; Isanti; Chisago; Wright; Hennepin; Anoka; Ramsey; Washington; Carver\nSeverity: Extreme\nStatus: Actual\nHeadline: Blizzard Warning issued March 15 at 3:04AM CDT until March 16 at 4:00AM CDT by NWS Twin Cities/Chanhassen MN\n---\nEvent: Blizzard Warning\nArea: Scott; Dakota; Goodhue\nSeverity: Extreme\nStatus: Actual\nHeadline: Blizzard Warning issued March 15 at 3:04AM CDT until March 16 at 7:00AM CDT by NWS Twin Cities/Chanhassen MN\n---\nEvent: Blizzard Warning\nArea: Martin; Faribault; Freeborn\nSeverity: Extreme\nStatus: Actual\nHeadline: Blizzard Warning issued March 15 at 3:04AM CDT until March 16 at 7:00AM CDT by NWS Twin Cities/Chanhassen MN\n---\nEvent: Blizzard Warning\nArea: Douglas; Todd; Morrison; Mille Lacs; Kanabec; Stevens; Pope; Stearns; Benton; Swift\nSeverity: Extreme\nStatus: Actual\nHeadline: Blizzard Warning issued March 15 at 3:04AM CDT until March 16 at 4:00AM CDT by NWS Twin Cities/Chanhassen MN\n---\nEvent: Blizzard Warning\nArea: Le Sueur; Rice; Steele\nSeverity: Extreme\nStatus: Actual\nHeadline: Blizzard Warning issued March 15 at 3:04AM CDT until March 16 at 7:00AM CDT by NWS Twin Cities/Chanhassen MN\n---\nEvent: Blizzard Warning\nArea: Lac Qui Parle; Chippewa; Kandiyohi; Meeker; Yellow Medicine; Renville; McLeod; Sibley; Redwood; Brown; Nicollet; Watonwan; Blue Earth; Waseca\nSeverity: Extreme\nStatus: Actual\nHeadline: Blizzard Warning issued March 15 at 3:04AM CDT until March 16 at 7:00AM CDT by NWS Twin Cities/Chanhassen MN\n---\nEvent: Winter Storm Warning\nArea: Wabasha; Dodge; Olmsted; Winona; Mower; Fillmore; Houston\nSeverity: Severe\nStatus: Actual\nHeadline: Winter Storm Warning issued March 15 at 2:15AM CDT until March 15 at 10:00AM CDT by NWS La Crosse WI\n---\nEvent: Blizzard Warning\nArea: Wabasha; Dodge; Olmsted; Winona; Mower; Fillmore; Houston\nSeverity: Extreme\nStatus: Actual\nHeadline: Blizzard Warning issued March 15 at 2:15AM CDT until March 16 at 7:00AM CDT by NWS La Crosse WI\n---\nEvent: Winter Storm Warning\nArea: Wabasha; Dodge; Olmsted; Winona; Mower; Fillmore; Houston\nSeverity: Severe\nStatus: Actual\nHeadline: Winter Storm Warning issued March 15 at 1:34AM CDT until March 15 at 10:00AM CDT by NWS La Crosse WI\n---\nEvent: Blizzard Warning\nArea: Wabasha; Dodge; Olmsted; Winona; Mower; Fillmore; Houston\nSeverity: Extreme\nStatus: Actual\nHeadline: Blizzard Warning issued March 15 at 1:34AM CDT until March 16 at 7:00AM CDT by NWS La Crosse WI\n---\nEvent: Winter Storm Warning\nArea: Wilkin; Ransom; Sargent; Richland\nSeverity: Severe\nStatus: Actual\nHeadline: Winter Storm Warning issued March 14 at 11:59PM CDT until March 15 at 7:00PM CDT by NWS Grand Forks ND\n---\nEvent: Winter Storm Warning\nArea: West Otter Tail; East Otter Tail; Wadena; Grant\nSeverity: Severe\nStatus: Actual\nHeadline: Winter Storm Warning issued March 14 at 11:59PM CDT until March 15 at 7:00PM CDT by NWS Grand Forks ND\n---\nEvent: Winter Weather Advisory\nArea: Clay; Barnes; Cass\nSeverity: Moderate\nStatus: Actual\nHeadline: Winter Weather Advisory issued March 14 at 11:59PM CDT until March 15 at 7:00PM CDT by NWS Grand Forks ND\n---\nEvent: Winter Weather Advisory\nArea: Hubbard; West Becker; East Becker\nSeverity: Moderate\nStatus: Actual\nHeadline: Winter Weather Advisory issued March 14 at 11:59PM CDT until March 15 at 7:00PM CDT by NWS Grand Forks ND\n---\nEvent: Blizzard Warning\nArea: Traverse; Big Stone; Marshall; Roberts; Day\nSeverity: Extreme\nStatus: Actual\nHeadline: Blizzard Warning issued March 14 at 9:37PM CDT until March 15 at 7:00PM CDT by NWS Aberdeen SD\n---\nEvent: Winter Storm Warning\nArea: Traverse; Big Stone; Marshall; Roberts; Day\nSeverity: Severe\nStatus: Actual\nHeadline: Winter Storm Warning issued March 14 at 9:37PM CDT until March 15 at 3:00AM CDT by NWS Aberdeen SD\n---\nEvent: Blizzard Warning\nArea: Lyon; Sioux; Rock; Minnehaha; Turner; Lincoln\nSeverity: Extreme\nStatus: Actual\nHeadline: Blizzard Warning issued March 14 at 9:32PM CDT until March 16 at 1:00AM CDT by NWS Sioux Falls SD\n---\nEvent: Blizzard Warning\nArea: Lincoln; Lyon; Murray; Cottonwood; Nobles; Jackson; Pipestone; Brookings; Moody\nSeverity: Extreme\nStatus: Actual\nHeadline: Blizzard Warning issued March 14 at 9:32PM CDT until March 16 at 7:00AM CDT by NWS Sioux Falls SD\n---\nEvent: Blizzard Warning\nArea: Wabasha; Dodge; Olmsted; Winona; Mower; Fillmore; Houston\nSeverity: Extreme\nStatus: Actual\nHeadline: Blizzard Warning issued March 14 at 9:19PM CDT until March 16 at 7:00AM CDT by NWS La Crosse WI\n---\nEvent: Winter Storm Warning\nArea: Wabasha; Dodge; Olmsted; Winona; Mower; Fillmore; Houston\nSeverity: Severe\nStatus: Actual\nHeadline: Winter Storm Warning issued March 14 at 9:19PM CDT until March 15 at 10:00AM CDT by NWS La Crosse WI\n---\nEvent: Wind Advisory\nArea: Southern Lake/North Shore; Southern Cook/North Shore\nSeverity: Moderate\nStatus: Actual\nHeadline: Wind Advisory issued March 14 at 5:13PM CDT until March 16 at 1:00PM CDT by NWS Duluth MN\n---\nEvent: Winter Storm Warning\nArea: Wilkin; Ransom; Sargent; Richland\nSeverity: Severe\nStatus: Actual\nHeadline: Winter Storm Warning issued March 14 at 2:58PM CDT until March 15 at 7:00PM CDT by NWS Grand Forks ND\n---\nEvent: Winter Storm Warning\nArea: West Otter Tail; East Otter Tail; Wadena; Grant\nSeverity: Severe\nStatus: Actual\nHeadline: Winter Storm Warning issued March 14 at 2:58PM CDT until March 15 at 7:00PM CDT by NWS Grand Forks ND\n---\nEvent: Winter Weather Advisory\nArea: Hubbard; West Becker; East Becker\nSeverity: Moderate\nStatus: Actual\nHeadline: Winter Weather Advisory issued March 14 at 2:58PM CDT until March 15 at 7:00PM CDT by NWS Grand Forks ND\n---\nEvent: Winter Weather Advisory\nArea: Clay; Barnes; Cass\nSeverity: Moderate\nStatus: Actual\nHeadline: Winter Weather Advisory issued March 14 at 2:58PM CDT until March 15 at 7:00PM CDT by NWS Grand Forks ND\n---\nEvent: Winter Weather Advisory\nArea: Southern Lake/North Shore\nSeverity: Moderate\nStatus: Actual\nHeadline: Winter Weather Advisory issued March 14 at 1:50PM CDT until March 15 at 7:00PM CDT by NWS Duluth MN\n---\nEvent: Blizzard Warning\nArea: Pine; Douglas; Burnett; Washburn\nSeverity: Extreme\nStatus: Actual\nHeadline: Blizzard Warning issued March 14 at 1:50PM CDT until March 16 at 4:00AM CDT by NWS Duluth MN\n---\nEvent: Winter Storm Warning\nArea: South Cass; Crow Wing; South Aitkin\nSeverity: Severe\nStatus: Actual\nHeadline: Winter Storm Warning issued March 14 at 1:50PM CDT until March 15 at 7:00PM CDT by NWS Duluth MN\n---\nEvent: Winter Storm Warning\nArea: Carlton/South St. Louis\nSeverity: Severe\nStatus: Actual\nHeadline: Winter Storm Warning issued March 14 at 1:50PM CDT until March 15 at 10:00PM CDT by NWS Duluth MN\n---\nEvent: Winter Weather Advisory\nArea: North Cass; Northern Aitkin\nSeverity: Moderate\nStatus: Actual\nHeadline: Winter Weather Advisory issued March 14 at 1:50PM CDT until March 15 at 7:00PM CDT by NWS Duluth MN\n---\nEvent: Winter Storm Warning\nArea: Pine; Douglas; Burnett; Washburn\nSeverity: Severe\nStatus: Actual\nHeadline: The Winter Storm Warning has been replaced. Please see the latest information from NWS Duluth MN on this developing situation.\n---\nEvent: Blizzard Warning\nArea: Lincoln; Lyon; Murray; Cottonwood; Nobles; Jackson; Pipestone; Brookings; Moody\nSeverity: Extreme\nStatus: Actual\nHeadline: Blizzard Warning issued March 14 at 1:11PM CDT until March 16 at 7:00AM CDT by NWS Sioux Falls SD\n---\nEvent: Blizzard Warning\nArea: Lyon; Rock; Minnehaha; Turner; Lincoln\nSeverity: Extreme\nStatus: Actual\nHeadline: Blizzard Warning issued March 14 at 1:11PM CDT until March 16 at 1:00AM CDT by NWS Sioux Falls SD\n---\nEvent: Winter Storm Watch\nArea: Lyon; Rock; Minnehaha; Turner; Lincoln\nSeverity: Severe\nStatus: Actual\nHeadline: The Winter Storm Watch has been replaced. Please see the latest information from NWS Sioux Falls SD on this developing situation.\n---\nEvent: Winter Storm Warning\nArea: Stearns; Benton; Sherburne; Isanti; Chisago; Wright; Hennepin; Anoka; Ramsey; Washington; Carver; Scott; Dakota; Goodhue\nSeverity: Severe\nStatus: Actual\nHeadline: The Winter Storm Warning has been replaced. Please see the latest information from NWS Twin Cities/Chanhassen MN on this developing situation.\n---\nEvent: Blizzard Warning\nArea: Sibley; Redwood; Brown; Nicollet; Le Sueur; Rice; Watonwan; Blue Earth; Waseca; Steele\nSeverity: Extreme\nStatus: Actual\nHeadline: Blizzard Warning issued March 14 at 1:08PM CDT until March 16 at 4:00AM CDT by NWS Twin Cities/Chanhassen MN\n---\nEvent: Winter Storm Warning\nArea: Stevens; Pope; Lac Qui Parle; Swift; Chippewa; Kandiyohi; Meeker; Yellow Medicine; Renville; McLeod\nSeverity: Minor\nStatus: Actual\nHeadline: The Winter Storm Warning has been cancelled.\n---\nEvent: Blizzard Warning\nArea: Stearns; Benton; Sherburne; Isanti; Chisago; Wright; Hennepin; Anoka; Ramsey; Washington; Carver; Scott; Dakota; Goodhue\nSeverity: Extreme\nStatus: Actual\nHeadline: Blizzard Warning issued March 14 at 1:08PM CDT until March 16 at 4:00AM CDT by NWS Twin Cities/Chanhassen MN\n---\nEvent: Winter Storm Warning\nArea: Douglas; Todd; Morrison; Mille Lacs; Kanabec\nSeverity: Severe\nStatus: Actual\nHeadline: The Winter Storm Warning has been replaced. Please see the latest information from NWS Twin Cities/Chanhassen MN on this developing situation.\n---\nEvent: Winter Storm Warning\nArea: Martin; Faribault; Freeborn\nSeverity: Minor\nStatus: Actual\nHeadline: The Winter Storm Warning has been cancelled.\n---\nEvent: Blizzard Warning\nArea: Martin; Faribault; Freeborn\nSeverity: Extreme\nStatus: Actual\nHeadline: Blizzard Warning issued March 14 at 1:08PM CDT until March 16 at 4:00AM CDT by NWS Twin Cities/Chanhassen MN\n---\nEvent: Blizzard Warning\nArea: Stevens; Pope; Lac Qui Parle; Swift; Chippewa; Kandiyohi; Meeker; Yellow Medicine; Renville; McLeod\nSeverity: Extreme\nStatus: Actual\nHeadline: Blizzard Warning issued March 14 at 1:08PM CDT until March 16 at 4:00AM CDT by NWS Twin Cities/Chanhassen MN\n---\nEvent: Blizzard Warning\nArea: Douglas; Todd; Morrison; Mille Lacs; Kanabec\nSeverity: Extreme\nStatus: Actual\nHeadline: Blizzard Warning issued March 14 at 1:08PM CDT until March 16 at 4:00AM CDT by NWS Twin Cities/Chanhassen MN\n---\nEvent: Winter Storm Warning\nArea: Sibley; Redwood; Brown; Nicollet; Le Sueur; Rice; Watonwan; Blue Earth; Waseca; Steele\nSeverity: Minor\nStatus: Actual\nHeadline: The Winter Storm Warning has been cancelled.\n---\nEvent: Winter Storm Warning\nArea: Traverse; Big Stone; Marshall; Roberts; Day\nSeverity: Severe\nStatus: Actual\nHeadline: Winter Storm Warning issued March 14 at 12:58PM CDT until March 15 at 3:00AM CDT by NWS Aberdeen SD\n---\nEvent: Blizzard Warning\nArea: Traverse; Big Stone; Marshall; Roberts; Day\nSeverity: Extreme\nStatus: Actual\nHeadline: Blizzard Warning issued March 14 at 12:58PM CDT until March 15 at 7:00PM CDT by NWS Aberdeen SD\n---\nEvent: Blizzard Warning\nArea: Wabasha; Dodge; Olmsted; Winona; Mower; Fillmore; Houston\nSeverity: Extreme\nStatus: Actual\nHeadline: Blizzard Warning issued March 14 at 12:46PM CDT until March 16 at 7:00AM CDT by NWS La Crosse WI\n---\nEvent: Winter Storm Warning\nArea: Wabasha; Dodge; Olmsted; Winona; Mower; Fillmore; Houston\nSeverity: Severe\nStatus: Actual\nHeadline: Winter Storm Warning issued March 14 at 12:46PM CDT until March 15 at 10:00AM CDT by NWS La Crosse WI\n---"
    }
  ]
}
────────────────────────────────────────────────────────────

🌡️  CONSULTANDO PREVISÃO PARA Nova York (40.7128, -74.006)


▶ Enviando: tools/call

✅ Resultado: get-forecast (50ms)
────────────────────────────────────────────────────────────
{
  "content": [
    {
      "type": "text",
      "text": "Forecast for 40.7128, -74.006:\n\nThis Afternoon:\nTemperature: 56°F\nWind: 10 mph N\nMostly Sunny\n---\nTonight:\nTemperature: 46°F\nWind: 6 to 9 mph E\nMostly Cloudy\n---\nSunday:\nTemperature: 65°F\nWind: 12 mph S\nMostly Cloudy then Chance Light Rain\n---\nSunday Night:\nTemperature: 44°F\nWind: 9 to 14 mph NW\nLight Rain\n---\nMonday:\nTemperature: 49°F\nWind: 16 mph N\nLight Rain\n---\nMonday Night:\nTemperature: 35°F\nWind: 12 to 16 mph NW\nMostly Clear\n---\nTuesday:\nTemperature: 46°F\nWind: 8 to 13 mph W\nSunny\n---\nTuesday Night:\nTemperature: 39°F\nWind: 9 to 14 mph S\nMostly Cloudy\n---\nWednesday:\nTemperature: 52°F\nWind: 9 to 13 mph SW\nSlight Chance Light Rain\n---\nWednesday Night:\nTemperature: 41°F\nWind: 9 to 13 mph SE\nSlight Chance Light Rain\n---\nThursday:\nTemperature: 53°F\nWind: 9 to 13 mph S\nSlight Chance Light Rain\n---\nThursday Night:\nTemperature: 44°F\nWind: 13 mph W\nLight Rain Likely\n---\nFriday:\nTemperature: 51°F\nWind: 15 mph NW\nLight Rain Likely\n---\nFriday Night:\nTemperature: 34°F\nWind: 12 to 15 mph NW\nSlight Chance Rain And Snow\n---"
    }
  ]
}
────────────────────────────────────────────────────────────

🧪 TESTANDO VALIDAÇÃO DE ENTRADA

Teste 1: Código de estado inválido
🔴 Código de estado deve ter 2 letras (ex: CA, NY)
✓ Erro capturado: Código de estado inválido

Teste 2: Coordenadas inválidas (latitude fora do intervalo)
🔴 Latitude deve estar entre -90 e 90
✓ Erro capturado: Latitude fora do intervalo válido

Teste 3: Longitude inválida
🔴 Longitude deve estar entre -180 e 180
✓ Erro capturado: Longitude fora do intervalo válido

🔌 Fechando cliente...


✓ Servidor fechou com código null

